// Jest Snapshot v1, https://goo.gl/fbAQLP

exports[`routes/v1/getMessage correctly handles request 1`] = `
Object {
  "body": undefined,
  "response": Object {
    "200": Object {
      "properties": Object {
        "message": Object {
          "type": "string",
        },
      },
      "type": "object",
    },
  },
}
`;
