// Jest Snapshot v1, https://goo.gl/fbAQLP

exports[`vue/RouterJS renders correctly - loading page 1`] = `""`;

exports[`vue/RouterJS renders correctly - page found 1`] = `
"<p><img alt=\\"test\\" src=\\"file\\"> <img alt=\\"test\\" src=\\"file\\">
  Test
</p>"
`;

exports[`vue/RouterJS renders correctly - page not found 1`] = `""`;
